# This file defines how to load the ABS ASGS SHAPE files into our database
# (which has the schema defined in 03-create-asgs-schema.sql).
#
# Lines must be of the format:
# ABS_VOL_NUM SHAPE_FILE.SHAPE_FILE_ATTRIBUTE PSQL_TABLE.PSQL_ATTRIBUTE PSQL_ATTRIBUTE_DATATYPE
#
# The geometry from these shape files is join into the existing tables which
# have the CSV data already loaded in.

# To the extent possible under law, the person who associated CC0
# with this work has waived all copyright and related or neighboring
# rights to this work.
# http://creativecommons.org/publicdomain/zero/1.0/

# This schema is partly derived from the ASGS structure.
# http://www.abs.gov.au/websitedbs/D3310114.nsf/home/Australian+Statistical+Geography+Standard+%28ASGS%29

1 GCCSA_2011_AUST.GCC_CODE11 gccsa.code
1 MB_2011_*.MB_CODE11 mb.code
1 SA1_2011_AUST.SA1_MAIN11 sa1.code
1 SA2_2011_AUST.SA2_MAIN11 sa2.code
1 SA3_2011_AUST.SA3_CODE11 sa3.code
1 SA4_2011_AUST.SA4_CODE11 sa4.code
1 STE_2011_AUST.STE_CODE11 ste.code

2 IARE_2011_AUST.IA_CODE11 iare.code
2 ILOC_2011_AUST.IL_CODE11 iloc.code
2 IREG_2011_AUST.IR_CODE11 ireg.code

3 ADD_2011_AUST.ADD_CODE add.code
3 CED_2011_AUST.CED_CODE ced.code
3 LGA_2011_AUST.LGA_CODE11 lga.code
3 NRMR_2011_AUST.NRMR_CODE nrmr.code
3 POA_2011_AUST.POA_CODE poa.code
3 SED_2011_AUST.SED_CODE sed.code
3 SSC_2011_AUST.SSC_CODE ssc.code
3 TR_2011_AUST.TR_CODE11 tr.code

4 SUA_2011_AUST.SUA_CODE11 sua.code
4 UCL_2011_AUST.UCL_CODE11 ucl.code
4 SOSR_2011_AUST.SSR_CODE11 sosr.code
4 SOS_2011_AUST.SOS_CODE11 sos.code
